Microchip MPLAB XC8 Compiler V2.45

Linker command line:

-W-3 \
  --edf=C:\Program Files (x86)\Microchip\xc8\v2.45\pic\dat\20230818022343_en.msgs \
  -cn -h+dist/default/debug\mplapApp.debug.sym \
  --cmf=dist/default/debug\mplapApp.debug.cmf -z -Q18F4620 \
  -oC:\Users\Mohamed\AppData\Local\Temp\xcAs85g.\driver_tmp_3.o \
  --defsym=__MPLAB_BUILD=1 --fixupoverflow=error \
  -Mdist/default/debug/mplapApp.debug.map \
  --md=C:\Users\Mohamed\AppData\Local\Temp\xcAs85g.\driver_tmp_0.dat -E1 \
  -ver=XC8 Compiler --acfsm=1493 -ACODE=00h-0FFFFh -ACONST=00h-0FFFFh \
  -ASMALLCONST=01000h-010FFhx240 -AMEDIUMCONST=01000h-0FFFFh \
  -ACOMRAM=01h-07Fh -AABS1=00h-0F7Fh -ABIGRAM=01h-0F7Fh \
  -ARAM=080h-0FFh,0100h-01FFhx14,0F00h-0F7Fh -ABANK0=080h-0FFh \
  -ABANK1=0100h-01FFh -ABANK2=0200h-02FFh -ABANK3=0300h-03FFh \
  -ABANK4=0400h-04FFh -ABANK5=0500h-05FFh -ABANK6=0600h-06FFh \
  -ABANK7=0700h-07FFh -ABANK8=0800h-08FFh -ABANK9=0900h-09FFh \
  -ABANK10=0A00h-0AFFh -ABANK11=0B00h-0BFFh -ABANK12=0C00h-0CFFh \
  -ABANK13=0D00h-0DFFh -ABANK14=0E00h-0EFFh -ABANK15=0F00h-0F7Fh \
  -ASFR=0F80h-0FFFh -ABIGSFR=0F80h-0FFFh -ACONFIG=0300000h-030000Dh \
  -AIDLOC=0200000h-0200007h -AEEDATA=0F00000h-0F003FFh -peeprom_data=EEDATA \
  -preset_vec=00h,intcode=08h,intcodelo,powerup,init -pramtop=01000h \
  -psmallconst=SMALLCONST -pmediumconst=MEDIUMCONST -pconst=CONST \
  -AFARRAM=00h-00h \
  -prdata=COMRAM,nvrram=COMRAM,nvbit=COMRAM,rbss=COMRAM,rbit=COMRAM \
  -pfarbss=FARRAM,fardata=FARRAM,nvFARRAM=FARRAM \
  -pintsave_regs=BIGRAM,bigbss=BIGRAM,bigdata=BIGRAM -pbss=RAM \
  -pidata=CODE,irdata=CODE,ibigdata=CODE,ifardata=CODE -prparam=COMRAM \
  C:\Users\Mohamed\AppData\Local\Temp\xcAs85g.\driver_tmp_9.o \
  dist/default/debug\mplapApp.debug.o 

Object code version is 3.11

Machine type is 18F4620



                Name                               Link     Load   Length Selector   Space Scale
C:\Users\Mohamed\AppData\Local\Temp\xcAs85g.\driver_tmp_9.o
                idloc                            200000   200000        8        0       5
                config                           300000   300000        E        0       4
                init                                  E        E        4        4       0
                reset_vec                             0        0        4        0       0
dist/default/debug\mplapApp.debug.o
                intcode                               8        8        6        4       0
                idloc                            200000   200000        8        0       5
                config                           300000   300000        E        0       4
                temp                                 58       58        1        1       1
                smallconst                         1000     1000       16      800       0
                text7                              11DC     11DC        2      80B       0
                text6                              11D8     11D8        4      80B       0
                text5                              11D4     11D4        4      80B       0
                text4                              11D0     11D0        4      80B       0
                intcode_body                       10BA     10BA       86      80B       0
                text2                              1016     1016       A4      80B       0
                text1                              11B6     11B6       1A      80B       0
                text0                              1176     1176       22      80B       0
                cstackCOMRAM                         56       56        2        1       1
                dataCOMRAM                           38       38       1E        1       1
                bssCOMRAM                             1        1       37        1       1
                cinit                              1140     1140       36      80B       0
                idataCOMRAM                        1198     1198       1E      80B       0

TOTAL           Name                               Link     Load   Length     Space
        CLASS   CODE           
                intcode                               8        8        6         0
                init                                  E        E        4         0
                reset_vec                             0        0        4         0
                text7                              11DC     11DC        2         0
                text6                              11D8     11D8        4         0
                text5                              11D4     11D4        4         0
                text4                              11D0     11D0        4         0
                intcode_body                       10BA     10BA       86         0
                text2                              1016     1016       A4         0
                text1                              11B6     11B6       1A         0
                text0                              1176     1176       22         0
                cinit                              1140     1140       36         0
                idataCOMRAM                        1198     1198       1E         0

        CLASS   CONST          

        CLASS   SMALLCONST     
                smallconst                         1000     1000       16         0

        CLASS   MEDIUMCONST    

        CLASS   COMRAM         
                temp                                 58       58        1         1
                cstackCOMRAM                         56       56        2         1
                dataCOMRAM                           38       38       1E         1
                bssCOMRAM                             1        1       37         1

        CLASS   ABS1           

        CLASS   BIGRAM         

        CLASS   RAM            

        CLASS   BANK0          

        CLASS   BANK1          

        CLASS   BANK2          

        CLASS   BANK3          

        CLASS   BANK4          

        CLASS   BANK5          

        CLASS   BANK6          

        CLASS   BANK7          

        CLASS   BANK8          

        CLASS   BANK9          

        CLASS   BANK10         

        CLASS   BANK11         

        CLASS   BANK12         

        CLASS   BANK13         

        CLASS   BANK14         

        CLASS   BANK15         

        CLASS   SFR            

        CLASS   BIGSFR         

        CLASS   CONFIG         
                config                           300000   300000        E         4

        CLASS   IDLOC          
                idloc                            200000   200000        8         5

        CLASS   EEDATA         

        CLASS   FARRAM         

        CLASS   HEAP           

        CLASS   STACK          



SEGMENTS        Name                           Load    Length   Top    Selector   Space  Class

                reset_vec                      000000  000004  000004         0       0  CODE    
                bssCOMRAM                      000001  000058  000059         1       1  COMRAM  
                intcode                        000008  00000A  000012         4       0  CODE    
                smallconst                     001000  000016  001016       800       0  SMALLCON
                text2                          001016  0001C8  0011DE       80B       0  CODE    


UNUSED ADDRESS RANGES

        Name                Unused          Largest block    Delta
        BANK0            000080-0000FF               80
        BANK1            000100-0001FF              100
        BANK10           000A00-000AFF              100
        BANK11           000B00-000BFF              100
        BANK12           000C00-000CFF              100
        BANK13           000D00-000DFF              100
        BANK14           000E00-000EFF              100
        BANK15           000F00-000F7F               80
        BANK2            000200-0002FF              100
        BANK3            000300-0003FF              100
        BANK4            000400-0004FF              100
        BANK5            000500-0005FF              100
        BANK6            000600-0006FF              100
        BANK7            000700-0007FF              100
        BANK8            000800-0008FF              100
        BANK9            000900-0009FF              100
        BIGRAM           000059-000F7F              F27
        BIGSFR           000F80-000FFF               80
        CODE             000004-000007                4
                         000012-000FFF              FEE
                         0011DE-00FFFF             EE22
        COMRAM           000059-00007F               27
        CONST            000004-000007                4
                         000012-000FFF              FEE
                         0011DE-00FFFF             EE22
        EEDATA           F00000-F003FF              400
        MEDIUMCONST      0011DE-00FFFF             EE22
        RAM              000080-000F7F              100
        SFR              000F80-000FFF               80
        SMALLCONST       0011DE-00FFFF              100

                                  Symbol Table

CCP_CaptureMode_Read_Value@F3124            bssCOMRAM    00002B
SPI_Initialize@_spi                         cstackCOMRAM 000056
SPI_Master_Send_Byte_polling@data           cstackCOMRAM 000056
_ADCON0bits                                 (abs)        000FC2
_ADCON1bits                                 (abs)        000FC1
_ADCON2bits                                 (abs)        000FC0
_ADRESH                                     (abs)        000FC4
_ADRESL                                     (abs)        000FC3
_BAUDCONbits                                (abs)        000FB8
_CCP1CONbits                                (abs)        000FBD
_CCP2CONbits                                (abs)        000FBA
_CCPR1H                                     (abs)        000FBF
_CCPR1L                                     (abs)        000FBE
_CCPR2H                                     (abs)        000FBC
_CCPR2L                                     (abs)        000FBB
_EEADR                                      (abs)        000FA9
_EEADRH                                     (abs)        000FAA
_EECON1bits                                 (abs)        000FA6
_EECON2                                     (abs)        000FA7
_EEDATA                                     (abs)        000FA8
_EUSART_FramingErr_InterruptHandler         bssCOMRAM    000001
_EUSART_OverrunErr_InterruptHandler         bssCOMRAM    000003
_EUSART_RX_ISR                              text7        0011DC
_EUSART_RX_InterruptHandler                 bssCOMRAM    000005
_EUSART_TX_ISR                              text6        0011D8
_EUSART_TX_InterruptHandler                 bssCOMRAM    000007
_INT0_Call_Back_fun                         bssCOMRAM    000023
_INT1_Call_Back_fun                         bssCOMRAM    000021
_INT2_Call_Back_fun                         bssCOMRAM    00001F
_INTCONbits                                 (abs)        000FF2
_Interrupt_Manager                          intcode      000008
_LATA                                       (abs)        000F89
_LATB                                       (abs)        000F8A
_LATC                                       (abs)        000F8B
_LATCbits                                   (abs)        000F8B
_LATD                                       (abs)        000F8C
_LATE                                       (abs)        000F8D
_MSSP_I2C_BUS_Colision                      text5        0011D4
_MSSP_I2C_ISR                               text4        0011D0
_MSSP_I2C_InterruptHandler                  bssCOMRAM    000029
_MSSP_I2C_Recieve_OverFlow_InterruptHandler bssCOMRAM    000027
_MSSP_I2C_collision_IntrruptHandler         bssCOMRAM    000025
_PIE1bits                                   (abs)        000F9D
_PIE2bits                                   (abs)        000FA0
_PIR1bits                                   (abs)        000F9E
_PIR2bits                                   (abs)        000FA1
_PORTA                                      (abs)        000F80
_PORTB                                      (abs)        000F81
_PORTC                                      (abs)        000F82
_PORTD                                      (abs)        000F83
_PORTE                                      (abs)        000F84
_PR2                                        (abs)        000FCB
_RB4_Call_Back_fun_HIGH                     bssCOMRAM    00001D
_RB4_Call_Back_fun_LOW                      bssCOMRAM    00001B
_RB5_Call_Back_fun_HIGH                     bssCOMRAM    000019
_RB5_Call_Back_fun_LOW                      bssCOMRAM    000017
_RB6_Call_Back_fun_HIGH                     bssCOMRAM    000015
_RB6_Call_Back_fun_LOW                      bssCOMRAM    000013
_RB7_Call_Back_fun_HIGH                     bssCOMRAM    000011
_RB7_Call_Back_fun_LOW                      bssCOMRAM    00000F
_RCREG                                      (abs)        000FAE
_RCSTAbits                                  (abs)        000FAB
_SPBRG                                      (abs)        000FAF
_SPBRGH                                     (abs)        000FB0
_SPI_Initialize                             text2        001016
_SPI_Master_Send_Byte_polling               text1        0011B6
_SSPADD                                     (abs)        000FC8
_SSPBUF                                     (abs)        000FC9
_SSPCON1bits                                (abs)        000FC6
_SSPCON2bits                                (abs)        000FC5
_SSPSTATbits                                (abs)        000FC7
_T0CONbits                                  (abs)        000FD5
_T1CONbits                                  (abs)        000FCD
_T2CONbits                                  (abs)        000FCA
_T3CONbits                                  (abs)        000FB1
_TMR0H                                      (abs)        000FD7
_TMR0L                                      (abs)        000FD6
_TMR1                                       (abs)        000FCE
_TMR1H                                      (abs)        000FCF
_TMR1L                                      (abs)        000FCE
_TMR2                                       (abs)        000FCC
_TMR3H                                      (abs)        000FB3
_TMR3L                                      (abs)        000FB2
_TRISA                                      (abs)        000F92
_TRISAbits                                  (abs)        000F92
_TRISB                                      (abs)        000F93
_TRISC                                      (abs)        000F94
_TRISCbits                                  (abs)        000F94
_TRISD                                      (abs)        000F95
_TRISE                                      (abs)        000F96
_TXREG                                      (abs)        000FAD
_TXSTAbits                                  (abs)        000FAC
_Timer0_Preload                             bssCOMRAM    00000D
_Timer1_Preload                             bssCOMRAM    00000B
_Timer2_Preload                             bssCOMRAM    00002D
_Timer3_Preload                             bssCOMRAM    000009
__HRAM                                      (abs)        000000
__H__absolute__                             __absolute__ 000000
__Habs1                                     abs1         000000
__Hbank0                                    bank0        000000
__Hbank1                                    bank1        000000
__Hbank10                                   bank10       000000
__Hbank11                                   bank11       000000
__Hbank12                                   bank12       000000
__Hbank13                                   bank13       000000
__Hbank14                                   bank14       000000
__Hbank15                                   bank15       000000
__Hbank2                                    bank2        000000
__Hbank3                                    bank3        000000
__Hbank4                                    bank4        000000
__Hbank5                                    bank5        000000
__Hbank6                                    bank6        000000
__Hbank7                                    bank7        000000
__Hbank8                                    bank8        000000
__Hbank9                                    bank9        000000
__Hbigbss                                   bigbss       000000
__Hbigdata                                  bigdata      000000
__Hbigram                                   bigram       000000
__Hbigsfr                                   bigsfr       000000
__Hbss                                      bss          000000
__HbssCOMRAM                                bssCOMRAM    000000
__Hcinit                                    cinit        000000
__Hclrtext                                  clrtext      000000
__Hcomram                                   comram       000000
__Hconfig                                   config       30000E
__Hconst                                    const        000000
__HcstackCOMRAM                             cstackCOMRAM 000000
__Hdata                                     data         000000
__HdataCOMRAM                               dataCOMRAM   000000
__Heeprom_data                              eeprom_data  000000
__Hfarbss                                   farbss       000000
__Hfardata                                  fardata      000000
__Hheap                                     heap         000000
__Hibigdata                                 ibigdata     000000
__Hidata                                    idata        000000
__HidataCOMRAM                              idataCOMRAM  000000
__Hidloc                                    idloc        200008
__Hifardata                                 ifardata     000000
__Hinit                                     init         000012
__Hintcode                                  intcode      00000E
__Hintcode_body                             intcode_body 000000
__Hintcodelo                                intcodelo    00000E
__Hintentry                                 intentry     000000
__Hintret                                   intret       000000
__Hintsave_regs                             intsave_regs 000000
__Hirdata                                   irdata       000000
__Hmediumconst                              mediumconst  000000
__HnvFARRAM                                 nvFARRAM     000000
__Hnvbit                                    nvbit        000000
__Hnvrram                                   nvrram       000000
__Hparam                                    rparam       000000
__Hpowerup                                  powerup      00000E
__Hram                                      ram          000000
__Hramtop                                   ramtop       001000
__Hrbit                                     rbit         000000
__Hrbss                                     rbss         000000
__Hrdata                                    rdata        000000
__Hreset_vec                                reset_vec    000004
__Hrparam                                   rparam       000000
__Hsfr                                      sfr          000000
__Hsmallconst                               smallconst   001016
__Hspace_0                                  (abs)        0011DE
__Hspace_1                                  (abs)        000059
__Hspace_2                                  (abs)        000000
__Hspace_4                                  (abs)        60000E
__Hstack                                    stack        000000
__Hstruct                                   struct       000000
__Htemp                                     temp         000059
__Htext                                     text         000000
__Htext0                                    text0        000000
__Htext1                                    text1        000000
__Htext2                                    text2        000000
__Htext4                                    text4        000000
__Htext5                                    text5        000000
__Htext6                                    text6        000000
__Htext7                                    text7        000000
__LRAM                                      (abs)        000001
__L__absolute__                             __absolute__ 000000
__Labs1                                     abs1         000000
__Lbank0                                    bank0        000000
__Lbank1                                    bank1        000000
__Lbank10                                   bank10       000000
__Lbank11                                   bank11       000000
__Lbank12                                   bank12       000000
__Lbank13                                   bank13       000000
__Lbank14                                   bank14       000000
__Lbank15                                   bank15       000000
__Lbank2                                    bank2        000000
__Lbank3                                    bank3        000000
__Lbank4                                    bank4        000000
__Lbank5                                    bank5        000000
__Lbank6                                    bank6        000000
__Lbank7                                    bank7        000000
__Lbank8                                    bank8        000000
__Lbank9                                    bank9        000000
__Lbigbss                                   bigbss       000000
__Lbigdata                                  bigdata      000000
__Lbigram                                   bigram       000000
__Lbigsfr                                   bigsfr       000000
__Lbss                                      bss          000000
__LbssCOMRAM                                bssCOMRAM    000000
__Lcinit                                    cinit        000000
__Lclrtext                                  clrtext      000000
__Lcomram                                   comram       000000
__Lconfig                                   config       000000
__Lconst                                    const        000000
__LcstackCOMRAM                             cstackCOMRAM 000000
__Ldata                                     data         000000
__LdataCOMRAM                               dataCOMRAM   000000
__Leeprom_data                              eeprom_data  000000
__Lfarbss                                   farbss       000000
__Lfardata                                  fardata      000000
__Lheap                                     heap         000000
__Libigdata                                 ibigdata     000000
__Lidata                                    idata        000000
__LidataCOMRAM                              idataCOMRAM  000000
__Lidloc                                    idloc        000000
__Lifardata                                 ifardata     000000
__Linit                                     init         00000E
__Lintcode                                  intcode      000008
__Lintcode_body                             intcode_body 000000
__Lintcodelo                                intcodelo    00000E
__Lintentry                                 intentry     000000
__Lintret                                   intret       000000
__Lintsave_regs                             intsave_regs 000000
__Lirdata                                   irdata       000000
__Lmediumconst                              mediumconst  000000
__LnvFARRAM                                 nvFARRAM     000000
__Lnvbit                                    nvbit        000000
__Lnvrram                                   nvrram       000000
__Lparam                                    rparam       000000
__Lpowerup                                  powerup      00000E
__Lram                                      ram          000000
__Lramtop                                   ramtop       001000
__Lrbit                                     rbit         000000
__Lrbss                                     rbss         000000
__Lrdata                                    rdata        000000
__Lreset_vec                                reset_vec    000000
__Lrparam                                   rparam       000000
__Lsfr                                      sfr          000000
__Lsmallconst                               smallconst   001000
__Lspace_0                                  (abs)        000000
__Lspace_1                                  (abs)        000000
__Lspace_2                                  (abs)        000000
__Lspace_4                                  (abs)        000000
__Lstack                                    stack        000000
__Lstruct                                   struct       000000
__Ltemp                                     temp         000058
__Ltext                                     text         000000
__Ltext0                                    text0        000000
__Ltext1                                    text1        000000
__Ltext2                                    text2        000000
__Ltext4                                    text4        000000
__Ltext5                                    text5        000000
__Ltext6                                    text6        000000
__Ltext7                                    text7        000000
__S0                                        (abs)        0011DE
__S1                                        (abs)        000059
__S4                                        (abs)        000000
__S5                                        (abs)        000000
___heap_hi                                  (abs)        000000
___heap_lo                                  (abs)        000000
___inthi_sp                                 stack        000000
___inthi_stack_hi                           stack        000000
___inthi_stack_lo                           stack        000000
___intlo_sp                                 stack        000000
___intlo_stack_hi                           stack        000000
___intlo_stack_lo                           stack        000000
___param_bank                               (abs)        000000
___rparam_used                              (abs)        000001
___sp                                       stack        000000
___stack_hi                                 stack        000000
___stack_lo                                 stack        000000
__accesstop                                 (abs)        000080
__activetblptr                              (abs)        000003
__end_of_EUSART_RX_ISR                      text7        0011DE
__end_of_EUSART_TX_ISR                      text6        0011DC
__end_of_Interrupt_Manager                  intcode_body 001140
__end_of_MSSP_I2C_BUS_Colision              text5        0011D8
__end_of_MSSP_I2C_ISR                       text4        0011D4
__end_of_SPI_Initialize                     text2        0010BA
__end_of_SPI_Master_Send_Byte_polling       text1        0011D0
__end_of__initialization                    cinit        00116C
__end_of_btn_keypad                         smallconst   001011
__end_of_main                               text0        001198
__initialization                            cinit        001140
__mediumconst                               mediumconst  000000
__pbssCOMRAM                                bssCOMRAM    000001
__pcinit                                    cinit        001140
__pcstackCOMRAM                             cstackCOMRAM 000056
__pdataCOMRAM                               dataCOMRAM   000038
__pidataCOMRAM                              idataCOMRAM  001198
__pintcode                                  intcode      000008
__pintcode_body                             intcode_body 0010BA
__psmallconst                               smallconst   001000
__ptext0                                    text0        001176
__ptext1                                    text1        0011B6
__ptext2                                    text2        001016
__ptext4                                    text4        0011D0
__ptext5                                    text5        0011D4
__ptext6                                    text6        0011D8
__ptext7                                    text7        0011DC
__ramtop                                    ramtop       001000
__smallconst                                smallconst   001000
_btn_keypad                                 smallconst   001001
_lat_register                               dataCOMRAM   000042
_main                                       text0        001176
_port_register                              dataCOMRAM   000038
_spi_obj                                    bssCOMRAM    000037
_tris_register                              dataCOMRAM   00004C
btemp                                       temp         000058
end_of_initialization                       cinit        00116C
int$flags                                   temp         000058
int_func                                    intcode_body 0010BA
intlevel0                                   text         000000
intlevel1                                   text         000000
intlevel2                                   text         000000
intlevel3                                   text         000000
isa$std                                     (abs)        000001
isa$xinst                                   (abs)        000000
led_initialize@F3059                        bssCOMRAM    000034
led_turn_off@F3069                          bssCOMRAM    000032
led_turn_on@F3064                           bssCOMRAM    000033
led_turn_toggle@F3074                       bssCOMRAM    000031
relay_intialize@F3053                       bssCOMRAM    000030
relay_off@F3063                             bssCOMRAM    00002E
relay_on@F3058                              bssCOMRAM    00002F
stackhi                                     (abs)        000000
stacklo                                     (abs)        000000
start                                       init         00000E
start_initialization                        cinit        001140
ttemp5                                      temp         000059
ttemp6                                      temp         00005C
ttemp7                                      temp         000060
wtemp8                                      temp         000059


MODULE INFORMATION

Module		Function		Class		Link	Load	Size
MCAL_Layer/SPI/hal_spi.c
		_SPI_Master_Send_Byte_polling		CODE           	11B6	0000	26
		_SPI_Initialize		CODE           	1016	0000	164

MCAL_Layer/SPI/hal_spi.c estimated size: 190

MCAL_Layer/I2C/hal_i2c.c
		_MSSP_I2C_ISR  		CODE           	11D0	0000	4
		_MSSP_I2C_BUS_Colision		CODE           	11D4	0000	4

MCAL_Layer/I2C/hal_i2c.c estimated size: 8

shared
		__initialization		CODE           	1140	0000	44
		_btn_keypad    		SMALLCONST     	1001	0000	16

shared estimated size: 60

MCAL_Layer/Interrupt/mcal_interrupt_manager.c
		_Interrupt_Manager		CODE           	0008	0000	140

MCAL_Layer/Interrupt/mcal_interrupt_manager.c estimated size: 140

MCAL_Layer/USART/hal_usart.c
		_EUSART_RX_ISR 		CODE           	11DC	0000	2
		_EUSART_TX_ISR 		CODE           	11D8	0000	4

MCAL_Layer/USART/hal_usart.c estimated size: 6

application.c
		_main          		CODE           	1176	0000	34

application.c estimated size: 34

